
> karaoke-app@1.0.0 web
> expo start --web

Starting project at /app
Starting Metro Bundler

Waiting on http://localhost:8081

1 package may need updating. Run npx expo install --check for details.
Logs for your project will appear below.
Web Bundled 6589ms index.js (427 modules)
Web  INFO  %cDownload the React DevTools for a better development experience: https://react.dev/link/react-devtools font-weight:bold
Web  LOG  Running application "main" with appParams:
 {"hydrate": undefined, "rootTag": "#root"}
Development-level warnings: ON.
Performance optimizations: OFF.
Web Bundled 22ms index.js (1 module)
Web  INFO  %cDownload the React DevTools for a better development experience: https://react.dev/link/react-devtools font-weight:bold
Web  LOG  Running application "main" with appParams:
 {"hydrate": undefined, "rootTag": "#root"}
Development-level warnings: ON.
Performance optimizations: OFF.
Web Bundled 23ms index.js (1 module)
Web  INFO  %cDownload the React DevTools for a better development experience: https://react.dev/link/react-devtools font-weight:bold
Web  LOG  Running application "main" with appParams:
 {"hydrate": undefined, "rootTag": "#root"}
Development-level warnings: ON.
Performance optimizations: OFF.
Web  WARN  The <CameraView> component does not support children. This may lead to inconsistent behaviour or crashes. If you want to render content on top of the Camera, consider using absolute positioning.
Web Bundled 687ms index.js (1 module)
Web  INFO  %cDownload the React DevTools for a better development experience: https://react.dev/link/react-devtools font-weight:bold
Web  LOG  Running application "main" with appParams:
 {"hydrate": undefined, "rootTag": "#root"}
Development-level warnings: ON.
Performance optimizations: OFF.
Web Bundled 961ms index.js (1 module)
Web  INFO  %cDownload the React DevTools for a better development experience: https://react.dev/link/react-devtools font-weight:bold
Web  WARN  [expo-av]: Expo AV has been deprecated and will be removed in SDK 54. Use the `expo-audio` and `expo-video` packages to replace the required functionality.
Web  LOG  Running application "main" with appParams:
 {"hydrate": undefined, "rootTag": "#root"}
Development-level warnings: ON.
Performance optimizations: OFF.
